// Vitest Snapshot v1

exports[`ChatMessage > renders as expected 1`] = `
<DocumentFragment>
  <div
    class="flex flex-col break-words pt-2"
  >
    <div
      class="flex w-full items-center py-4"
    >
      <div
        class="h-[2px] w-8 rounded-sm bg-gray-200"
      >
         
      </div>
      <span
        class="whitespace-nowrap px-3 font-semibold text-gray-400"
      >
        February 1st
      </span>
      <div
        class="h-[2px] w-full rounded-sm bg-gray-200"
      >
         
      </div>
    </div>
    <div
      class="align-center group flex items-center space-x-3 py-1"
    >
      <div
        class="shrink-0"
      >
        <div
          class="relative flex flex-none items-center justify-center rounded bg-black w-6 h-6 rounded p-1.5 cursor-pointer"
          style="background-color: rgb(0, 0, 0);"
        >
          <svg
            class=""
            style="display: block; width: 12px; height: 12px;"
            version="1.1"
            viewBox="0 0 12 12"
            xmlns="http://www.w3.org/2000/svg"
          >
            <rect
              fill="#000000"
              height="12px"
              width="12px"
              x="0px"
              y="0px"
            />
            <g
              transform="matrix(0.046875,0,0,0.046875,0,0)"
            >
              <g
                fill="none"
                transform="matrix(1,0,0,1,0,0)"
              >
                <rect
                  dataisgeon="true"
                  fill="white"
                  height="128"
                  stroke="#000000"
                  stroke-linecap="square"
                  stroke-width="0.8px"
                  vector-effect="non-scaling-stroke"
                  width="128"
                />
              </g>
              <g
                fill="none"
                transform="matrix(1,0,0,1,128,0)"
              >
                <circle
                  cx="64"
                  cy="64"
                  dataisgeon="true"
                  fill="white"
                  r="64"
                  stroke="#000000"
                  stroke-linecap="square"
                  stroke-width="0.8px"
                  vector-effect="non-scaling-stroke"
                />
              </g>
              <g
                fill="none"
                transform="matrix(1,0,0,1,0,128)"
              >
                <path
                  d="M0.0541 0C70.7217 0.0292317 128 57.3256 128 128C57.3177 128 0.0164917 70.7089 7.62806e-06 0.0305091C7.62851e-06 0.0203397 -4.44317e-10 0.01017 0 0H0.0541Z"
                  dataisgeon="true"
                  fill="white"
                  stroke="#000000"
                  stroke-linecap="square"
                  stroke-width="0.8px"
                  vector-effect="non-scaling-stroke"
                />
              </g>
              <g
                fill="none"
                transform="matrix(1,0,0,1,128,128)"
              >
                <path
                  d="M64 128H0L5.59506e-06 0L64 5.59506e-06C99.3462 8.68512e-06 128 28.6538 128 64C128 99.3462 99.3462 128 64 128Z"
                  dataisgeon="true"
                  fill="white"
                  stroke="#000000"
                  stroke-linecap="square"
                  stroke-width="0.8px"
                  vector-effect="non-scaling-stroke"
                />
              </g>
            </g>
          </svg>
        </div>
      </div>
      <div
        class="text-md shrink cursor-pointer font-semibold"
      >
        <span
          class="text-md font-semibold line-clamp-1"
        >
          <span
            aria-hidden="true"
          >
            ~
          </span>
          <span>
            finned
          </span>
          <span
            aria-hidden="true"
          >
            -
          </span>
          <span
            aria-hidden="false"
          >
            palmer
          </span>
        </span>
      </div>
      <span
        class="hidden shrink-0 text-sm font-semibold text-gray-500 group-hover:block"
      >
        February 1st, 2021 • 13:00
      </span>
      <span
        class="block shrink-0 text-sm font-semibold text-gray-500 group-hover:hidden"
      >
        February 1st • 13:00
      </span>
    </div>
    <div
      class="group-one relative z-0 flex w-full"
    >
      <div
        class="absolute right-2 -top-5 z-10 flex space-x-0.5 rounded-lg border border-gray-100 bg-white p-[1px] align-middle opacity-0 group-one-hover:opacity-100"
      >
        <button
          aria-controls="radix-0"
          aria-expanded="false"
          aria-haspopup="dialog"
          data-state="closed"
          type="button"
        >
          <div
            class="group-two cursor-pointer"
          />
        </button>
        <button
          aria-label="React"
          class="flex h-8 w-8 items-center justify-center rounded group-two-hover:bg-gray-50 h-8 w-8"
          data-state="closed"
        >
          <svg
            class="h-6 w-6 text-gray-400"
            fill="none"
            viewBox="0 0 24 24"
            xmlns="http://www.w3.org/2000/svg"
          >
            <path
              class="fill-current"
              clip-rule="evenodd"
              d="M7 4h10c1.6569 0 3 1.34315 3 3v10c0 1.6569-1.3431 3-3 3H7c-1.65685 0-3-1.3431-3-3V7c0-1.65685 1.34315-3 3-3Zm10-2H7C4.23858 2 2 4.23858 2 7v10c0 2.7614 2.23858 5 5 5h10c2.7614 0 5-2.2386 5-5V7c0-2.76142-2.2386-5-5-5ZM8.5 8C7.67157 8 7 8.67157 7 9.5v1c0 .8284.67157 1.5 1.5 1.5s1.5-.6716 1.5-1.5v-1C10 8.67157 9.32843 8 8.5 8ZM14 9.5c0-.82843.6716-1.5 1.5-1.5s1.5.67157 1.5 1.5v1c0 .8284-.6716 1.5-1.5 1.5s-1.5-.6716-1.5-1.5v-1ZM13 15c0 .5523-.4477 1-1 1s-1-.4477-1-1 .4477-1 1-1 1 .4477 1 1Zm2 0c0 1.6569-1.3431 3-3 3s-3-1.3431-3-3 1.3431-3 3-3 3 1.3431 3 3Z"
              fill-rule="evenodd"
            />
          </svg>
        </button>
      </div>
      <div
        class="group-two cursor-pointer"
      >
        <button
          aria-label="Start Thread"
          class="flex h-8 w-8 items-center justify-center rounded group-two-hover:bg-gray-50 h-8 w-8"
          data-state="closed"
        >
          <svg
            class="h-6 w-6 text-gray-400"
            fill="none"
            viewBox="0 0 24 24"
            xmlns="http://www.w3.org/2000/svg"
          >
            <path
              class="fill-current"
              clip-rule="evenodd"
              d="M10.124 3.00771c.5481.0685.9368.56829.8683 1.11631l-.4845 3.87596h3.9844l.5155-4.12403c.0685-.54802.5683-.93675 1.1163-.86824.5481.0685.9368.56829.8683 1.11631l-.4845 3.87596H19c.5523 0 1 .44772 1 1 0 .55229-.4477 1-1 1h-2.7422L15.7578 14H19c.5523 0 1 .4477 1 1s-.4477 1-1 1h-3.4922l-.5155 4.124c-.0685.548-.5683.9368-1.1163.8683-.5481-.0685-.9368-.5683-.8683-1.1164L13.4922 16H9.50778l-.5155 4.124c-.0685.548-.56829.9368-1.11631.8683s-.93675-.5683-.86825-1.1164L7.49222 16H5c-.55228 0-1-.4477-1-1s.44772-1 1-1h2.74222l.5-4.00002H5c-.55228 0-1-.44771-1-1 0-.55228.44772-1 1-1h3.49222l.5155-4.12403c.0685-.54802.56829-.93675 1.11628-.86824ZM13.7422 14l.5-4.00002h-3.9844L9.75778 14h3.98442Z"
              fill-rule="evenodd"
            />
          </svg>
        </button>
      </div>
      <div
        class="group-two cursor-pointer"
      >
        <button
          aria-label="Delete"
          class="flex h-8 w-8 items-center justify-center rounded group-two-hover:bg-gray-50 h-8 w-8"
          data-state="closed"
        >
          <svg
            class="h-6 w-6 text-red"
            fill="none"
            viewBox="0 0 24 24"
            xmlns="http://www.w3.org/2000/svg"
          >
            <path
              class="stroke-current"
              d="m12 12 6-6m-6 6L6 6m6 6-6 6m6-6 6 6"
              stroke-linecap="round"
              stroke-width="2"
            />
          </svg>
        </button>
      </div>
    </div>
    <div
      class="-ml-1 mr-1 py-2 text-xs font-semibold text-gray-400 opacity-0 group-one-hover:opacity-100"
    >
      13:00
    </div>
    <div
      class="wrap-anywhere flex w-full"
    >
      <div
        class="flex w-full grow flex-col space-y-2 rounded py-1 pl-3 pr-2 group-one-hover:bg-gray-50"
      >
        <div
          class="leading-6"
        >
          <strong>
            <span>
              A bold test message
            </span>
          </strong>
          <span>
            with some more text
          </span>
        </div>
      </div>
      <div
        class="flex items-end rounded-r group-one-hover:bg-gray-50"
      />
    </div>
  </div>
</DocumentFragment>
`;
