// Vitest Snapshot v1

exports[`Button > renders as expected 1`] = `
<DocumentFragment>
  <button
    class="button text-white bg-gray-800 disabled:bg-gray-200 disabled:text-gray-400"
  >
    Hello!
  </button>
</DocumentFragment>
`;

exports[`ChatInput > renders as expected 1`] = `
<DocumentFragment>
  <button
    class="button text-white bg-gray-800 disabled:bg-gray-200 disabled:text-gray-400"
  >
    Hello!
  </button>
</DocumentFragment>
`;
