// Vitest Snapshot v1

exports[`Sidebar > renders as expected 1`] = `
<DocumentFragment>
  <nav
    class="h-full"
  >
    <div
      class="h-full min-w-56 border-r-2 border-gray-50 bg-white"
    >
      <ul
        class="p-2"
      >
        <li>
          <a
            class="default-focus flex items-center space-x-3 rounded-lg p-2 text-base font-semibold hover:bg-gray-50 text-gray-600"
            href="/notifications"
          >
            <div>
              <svg
                class="h-6 w-6 bg-gray-50 p-2"
                fill="none"
                height="8"
                viewBox="0 0 8 8"
                width="8"
                xmlns="http://www.w3.org/2000/svg"
              >
                <rect
                  fill="#666666"
                  height="8"
                  rx="4"
                  width="8"
                />
              </svg>
            </div>
            <h3>
              Notifications
            </h3>
          </a>
        </li>
        <li>
          <a
            class="default-focus flex items-center space-x-3 rounded-lg p-2 text-base font-semibold hover:bg-gray-50 text-gray-600"
            href="/search"
          >
            <svg
              class="h-6 w-6"
              fill="none"
              viewBox="0 0 24 24"
              xmlns="http://www.w3.org/2000/svg"
            >
              <path
                class="fill-current"
                clip-rule="evenodd"
                d="M10 11c0-1.65685 1.3432-3 3-3 1.6569 0 3 1.34315 3 3 0 1.6569-1.3431 3-3 3-1.6568 0-3-1.3431-3-3Zm3-5c-2.7614 0-4.99997 2.23858-4.99997 5 0 1.0191.30487 1.9669.82838 2.7574l-.53552.5355-2 2c-.39052.3905-.39052 1.0237 0 1.4142.39053.3905 1.02369.3905 1.41422 0l2-2 .53549-.5355C11.0331 15.6951 11.9809 16 13 16c2.7615 0 5-2.2386 5-5 0-2.76142-2.2385-5-5-5Z"
                fill-rule="evenodd"
              />
            </svg>
            <h3>
              Search My Groups
            </h3>
          </a>
        </li>
        <li>
          <a
            class="default-focus flex items-center space-x-3 rounded-lg p-2 text-base font-semibold hover:bg-gray-50 text-blue"
            href="/groups/join"
          >
            <svg
              class="h-6 w-6 p-1.5"
              fill="none"
              height="12"
              viewBox="0 0 12 12"
              width="12"
              xmlns="http://www.w3.org/2000/svg"
            >
              <path
                d="M6 6L10 2M6 6L2 2M6 6L2 10M6 6L10 10M6 6H11M6 6V1M6 6H1M6 6V11"
                stroke="#008EFF"
                stroke-linecap="round"
                stroke-width="2"
              />
            </svg>
            <h3>
              Join Group
            </h3>
          </a>
        </li>
        <li>
          <a
            class="default-focus flex items-center space-x-3 rounded-lg p-2 text-base font-semibold hover:bg-gray-50 text-green"
            href="/groups/new"
          >
            <svg
              class="h-6 w-6 p-1"
              fill="none"
              viewBox="0 0 24 24"
              xmlns="http://www.w3.org/2000/svg"
            >
              <path
                class="stroke-current"
                d="M4 12h16m-8-8v16"
                stroke-linecap="round"
                stroke-width="2"
              />
            </svg>
            <h3>
              Create Group
            </h3>
          </a>
        </li>
        <li>
          <button
            aria-haspopup="menu"
            aria-label="Groups Sort Options"
            class="default-focus rounded-lg p-0.5 text-gray-600"
            data-state="closed"
            id="radix-0"
            type="button"
          >
            <div
              class="default-focus flex items-center space-x-3 rounded-lg p-2 text-base font-semibold hover:bg-gray-50"
            >
              All Groups: A → Z
              <span
                class="px-2"
              >
                <svg
                  class=""
                  fill="none"
                  height="6"
                  viewBox="0 0 10 6"
                  width="10"
                  xmlns="http://www.w3.org/2000/svg"
                >
                  <path
                    d="M1 1L5 5L9 1"
                    stroke="#999999"
                    stroke-linecap="round"
                    stroke-linejoin="round"
                    stroke-width="2"
                  />
                </svg>
              </span>
            </div>
          </button>
        </li>
      </ul>
    </div>
  </nav>
</DocumentFragment>
`;
