// Vitest Snapshot v1

exports[`AppTile > renders as expected 1`] = `
<div
  className="overflow-hidden relative flex-none mr-3 w-12 h-12 bg-gray-200 rounded-lg"
  style={
    {
      "backgroundColor": "#fefefe",
    }
  }
>
  <img
    alt="app tile for pals"
    className="object-cover absolute top-0 left-0 w-full h-full"
    onError={[Function]}
    src="test.jpg"
  />
</div>
`;
