// Vitest Snapshot v1

exports[`GroupSidebar > renders as expected 1`] = `
<DocumentFragment>
  <nav
    class="flex h-full w-64 flex-none flex-col bg-white"
  >
    <header
      class="flex-none p-2 pb-0"
    >
      <li
        class="group relative flex w-full items-center justify-between rounded-lg text-lg font-semibold sm:text-base text-gray-600 hover:bg-gray-50"
      >
        <a
          class="default-focus flex w-full flex-1 items-center space-x-3 rounded-lg p-2 font-semibold"
          href="/"
        >
          <svg
            class="m-1 h-4 w-4 text-gray-400"
            fill="none"
            viewBox="0 0 16 16"
            xmlns="http://www.w3.org/2000/svg"
          >
            <path
              class="stroke-current"
              d="M9 12 5 8l4-4"
              stroke-linecap="round"
              stroke-linejoin="round"
              stroke-width="2"
            />
          </svg>
          <div
            class="max-w-full flex-1 truncate text-left"
            title="Back to Groups"
          >
            Back to Groups
          </div>
        </a>
      </li>
    </header>
    <div
      class="h-5"
    />
    <div
      class="flex min-h-0 flex-col px-2"
    >
      <ul>
        <li
          class="group relative flex w-full items-center justify-between rounded-lg text-lg font-semibold text-gray-600 hover:bg-gray-50 sm:text-base"
        >
          <div
            class="flex-1"
          >
            <button
              aria-haspopup="menu"
              class="appearance-none default-focus flex w-full items-center space-x-3 rounded-lg p-2 pr-4 font-semibold"
              data-state="closed"
              id="radix-0"
              type="button"
            >
              <div
                class="rounded h-6 w-6 text-sm flex items-center justify-center rounded-md"
                style="background-color: rgb(245, 245, 245);"
              >
                <span
                  style="color: black;"
                />
              </div>
              <div
                class="max-w-full flex-1 truncate text-left"
              />
            </button>
          </div>
        </li>
        <li
          class="group relative flex w-full items-center justify-between rounded-lg text-lg font-semibold sm:text-base text-gray-600 hover:bg-gray-50"
        >
          <a
            class="default-focus flex w-full flex-1 items-center space-x-3 rounded-lg p-2 font-semibold"
            href="/groups//channels"
          >
            <svg
              class="m-1 h-4 w-4"
              fill="none"
              viewBox="0 0 16 16"
              xmlns="http://www.w3.org/2000/svg"
            >
              <path
                class="fill-current"
                clip-rule="evenodd"
                d="M7.1644 1.01361c.54477.09079.91279.60602.82199 1.15079L7.51379 5h1.97242l.52739-3.1644c.0908-.54477.606-.912786 1.1508-.82199.5448.09079.9128.60602.822 1.15079L11.5138 5H13c.5523 0 1 .44772 1 1 0 .55229-.4477 1-1 1h-1.8195l-.3334 2H13c.5523 0 1 .44772 1 1 0 .5523-.4477 1-1 1h-2.4862l-.52741 3.1644c-.09079.5448-.60602.9128-1.15079.822-.54477-.0908-.91279-.606-.82199-1.1508L8.48621 11H6.51379l-.5274 3.1644c-.09079.5448-.60602.9128-1.15079.822-.54477-.0908-.91279-.606-.82199-1.1508L4.48621 11H3c-.55228 0-1-.4477-1-1 0-.55228.44772-1 1-1h1.81954l.33333-2H3c-.55228 0-1-.44771-1-1 0-.55228.44772-1 1-1h2.48621l.5274-3.1644c.09079-.54477.60602-.912786 1.15079-.82199ZM8.81954 9l.33333-2H7.18046l-.33333 2h1.97241Z"
                fill-rule="evenodd"
              />
            </svg>
            <div
              class="max-w-full flex-1 truncate text-left"
              title="All Channels"
            >
              All Channels
            </div>
          </a>
        </li>
      </ul>
    </div>
    <div
      class="mt-5 flex border-t-2 border-gray-50 pt-3 pb-2"
    >
      <span
        class="ml-4 text-sm font-semibold text-gray-400"
      >
        Channels
      </span>
    </div>
    <div
      class="flex-1 overflow-y-auto"
    />
  </nav>
</DocumentFragment>
`;
