// Vitest Snapshot v1

exports[`NewChannel > renders as expected 1`] = `
<DocumentFragment>
  <div
    aria-hidden="true"
    class="fixed inset-0 z-30 transform-gpu bg-black opacity-30"
    data-aria-hidden="true"
    data-state="open"
    style="pointer-events: auto;"
  />
  <section
    aria-describedby="radix-2"
    aria-labelledby="radix-1"
    class="dialog-container w-full sm:max-w-lg"
    data-state="open"
    id="radix-0"
    role="dialog"
    style="pointer-events: auto;"
    tabindex="-1"
  >
    <div
      class="dialog"
    >
      <form
        class="flex flex-col"
      >
        <div
          class="p-2"
        >
          <label
            for="title"
          >
            Title
          </label>
          <input
            class="rounded border"
            name="title"
            type="text"
          />
        </div>
        <div
          class="p-2"
        >
          <label
            for="description"
          >
            Description
          </label>
          <input
            class="rounded border"
            name="description"
            type="text"
          />
        </div>
        <button
          type="submit"
        >
          Submit
        </button>
      </form>
      <button
        class="icon-button absolute top-6 right-6"
        type="button"
      >
        <svg
          class="h-4 w-4"
          fill="none"
          viewBox="0 0 16 16"
          xmlns="http://www.w3.org/2000/svg"
        >
          <path
            class="stroke-current"
            d="m8 8 4-4M8 8 4 4m4 4-4 4m4-4 4 4"
            stroke-linecap="round"
            stroke-width="2"
          />
        </svg>
      </button>
    </div>
  </section>
</DocumentFragment>
`;
