// Vitest Snapshot v1

exports[`ChatInput > renders as expected 1`] = `
<DocumentFragment>
  <div
    class="flex w-full items-end space-x-2"
  >
    <div
      class="flex-1"
    >
      <div
        class="input block p-0 w-full"
      >
        <div
          class="w-full"
        >
          <div
            aria-label="Message editor with formatting menu"
            class="ProseMirror input-inner"
            contenteditable="true"
            tabindex="0"
            translate="no"
          >
            <p
              class="is-empty is-editor-empty"
              data-placeholder="Message"
            >
              <br
                class="ProseMirror-trailingBreak"
              />
            </p>
          </div>
        </div>
        <div
          class="pointer-events-none fixed"
        />
      </div>
    </div>
    <button
      class="button"
    >
      Send
    </button>
  </div>
</DocumentFragment>
`;
