// Vitest Snapshot v1

exports[`ChannelIndex > renders as expected 1`] = `
<DocumentFragment>
  <section
    class="w-full sm:overflow-y-scroll"
  >
    <div
      class="flex flex-row items-center justify-between py-1 px-2 sm:p-4"
    >
      <div
        aria-label="Back to Group"
        class="cursor-pointer select-none p-2 sm:cursor-text sm:select-text"
        to="/groups/null"
      >
        <h1
          class="text-base font-semibold sm:text-lg"
        >
          All Channels
        </h1>
      </div>
      <button
        class="rounded-md bg-gray-800 py-1 px-2 text-[12px] font-semibold leading-4 text-white"
      >
        Channel Settings
      </button>
    </div>
    <div
      class="p-4"
    />
  </section>
</DocumentFragment>
`;
