// Vitest Snapshot v1

exports[`ChannelIndex > renders as expected 1`] = `
<DocumentFragment>
  <section
    class="w-full p-4"
  >
    <div
      class="mb-4 flex flex-row justify-between"
    >
      <h1
        class="text-lg font-bold"
      >
        All Channels
      </h1>
      <button
        class="rounded-md bg-gray-800 py-1 px-2 text-[12px] font-semibold leading-4 text-white"
      >
        Channel Settings
      </button>
    </div>
    <div
      class="mb-2 w-full rounded-xl bg-white py-1 pl-4 pr-2"
    >
      <ul />
    </div>
  </section>
</DocumentFragment>
`;
