// Vitest Snapshot v1

exports[`AppTile > renders as expected 1`] = `
<div
  className="flex-none relative w-12 h-12 mr-3 rounded-lg bg-gray-200 overflow-hidden"
  style={
    {
      "backgroundColor": "#fefefe",
    }
  }
>
  <img
    alt="app tile for undefined"
    className="absolute top-0 left-0 h-full w-full object-cover"
    onError={[Function]}
    src="test.jpg"
  />
</div>
`;
